[dotenv@17.2.4] injecting env (18) from .env -- tip: ≡ƒùé∩╕Å backup and recover secrets: https://dotenvx.com/ops
Using API Key: fa-J435mVI1IBJq-OnORCgCrY8KTEn3No9okNCYj
--- TEST RESULTS ---
Status: 400
Raw Response: {"error":"BadRequest","message":"Invalid legacy format parameters: \"category\" category must be one of [tops, bottoms, one-pieces, auto]; \"adjust_hands\" adjust_hands is deprecated and no longer needed for v1.5 model.; \"restore_background\" restore_background is deprecated and no longer needed for v1.5 model.; \"restore_details\" restore_details is not allowed. Note: Consider using the new format with \"model_name\" and \"inputs\" fields."}
Parsed JSON: {
  "error": "BadRequest",
  "message": "Invalid legacy format parameters: \"category\" category must be one of [tops, bottoms, one-pieces, auto]; \"adjust_hands\" adjust_hands is deprecated and no longer needed for v1.5 model.; \"restore_background\" restore_background is deprecated and no longer needed for v1.5 model.; \"restore_details\" restore_details is not allowed. Note: Consider using the new format with \"model_name\" and \"inputs\" fields."
}
--- END TEST ---
